◇ injecting env (8) from .env // tip: ⌘ suppress logs { quiet: true }
◇ injecting env (0) from .env // tip: ⌘ enable debugging { debug: true }
Server started on http://localhost:3000
Create deal error: error: значение NULL в столбце "recipient_id" отношения "deal_proposals" нарушает ограничение NOT NULL
    at C:\Users\Linx0\OneDrive\Документы\GitHub\Liniti\node_modules\pg-pool\index.js:45:11
    at process.processTicksAndRejections (node:internal/process/task_queues:105:5)
    at async createDeal (C:\Users\Linx0\OneDrive\Документы\GitHub\Liniti\controllers\dealController.js:122:28) {
  length: 401,
  severity: 'ОШИБКА',
  code: '23502',
  detail: 'Ошибочная строка содержит (3, 12, null, service, 18, 5000.00, 2026-06-30, pending, 2026-05-24 23:13:42.222798, null).',
  hint: undefined,
  position: undefined,
  internalPosition: undefined,
  internalQuery: undefined,
  where: undefined,
  schema: 'public',
  table: 'deal_proposals',
  column: 'recipient_id',
  dataType: undefined,
  constraint: undefined,
  file: 'execMain.c',
  line: '2219',
  routine: 'ReportNotNullViolationError'
}
